



[38;5;174m ▐[48;5;16m▛███▛█[39m[49m   [1mClaude[0m [1mCode[0m [38;5;246mv2.1.291[39m
[38;5;174m▝▜[48;5;16m█████[49m█▀[39m  [38;5;246mHaiku[39m [38;5;246m4.5[39m [38;5;246m·[39m [38;5;246mClaude[39m [38;5;246mMax[39m
[38;5;174m ▝▝[39m   [38;5;174m▝▝[39m   [38;5;246m~/.claude/jobs/f12b1204/tmp/demo/weather-cli[39m


[38;5;246m[48;5;237m❯ [38;5;231mFan out 4 parallel agents, no tools, ~120 words each: map how DNS resolution works; explain why event [39m
  [38;5;231msourcing is chosen over CRUD; find the likely root cause of a login test that is flaky only on CI; review a [39m
  [38;5;231mretry loop that has no backoff.[39m
[49m
[38;5;174m·[39m [38;5;174mHatching… [38;5;246m(0s · [38;5;248mthinking[38;5;246m)[39m

[38;5;244m──────────────────────────────────────────────────────────────────────────────────────[39m [38;5;244mnamed[39m [38;5;244msubagents[39m [38;5;244mpackage[39m [38;5;244m─
[38;5;246m❯ [39m
[38;5;244m────────────────────────────────────────────────────────────────────────────────────────────────────────────────
[39m  [38;5;246m⏸[39m [38;5;246mmanual[39m [38;5;246mmode[39m [38;5;246mon[39m [38;5;246m·[39m [38;5;246mesc[39m [38;5;246mto[39m [38;5;246minterrupt[39m [38;5;246m·[39m [38;5;246m←[39m [38;5;246mfor[39m [38;5;246magents[39m                                                       [38;5;114m/rc[39m















