[38;5;246m[48;5;237m❯ [38;5;231mFan out 4 parallel background agents in one [39m  [2m[48;5;235m│[0m[48;5;235m                                                                                                   [38;5;246m✕[39m
[48;5;237m  [38;5;231mmessage. Read only: each uses only the Read [39m  [2m[48;5;235m│[0m[48;5;235m  [38;5;174m✻ [1m[39mAgents[0m[38;5;246m[48;5;235m · Haiku 4.5[39m                                                                  [38;5;246m4 running[39m
[48;5;237m  [38;5;231mtool on one file in this folder, then sums up[39m [2m[48;5;235m│[0m[48;5;235m
[48;5;237m  [38;5;231mthe design in two sentences. retry.txt, [39m      [2m[48;5;235m│[0m[48;5;235m  [38;5;174m✳ [39mBasquiat  [38;5;246mRead and summarize retry.txt desi…[39m  [38;5;246mRead(retry.txt)[39m          [38;5;246m   1 tool    52.4k[39m     [38;5;246m5s[39m
[48;5;237m  [38;5;231mcache.txt, parser.txt, queue.txt. Do not use [39m [2m[48;5;235m│[0m[48;5;235m  [38;5;174m✢ [39mEames     [38;5;246mRead and summarize cache.txt desi…[39m  [38;5;246mRead(cache.txt)[39m          [38;5;246m   1 tool    52.4k[39m     [38;5;246m5s[39m
[48;5;237m  [38;5;231mBash.[39m                                         [2m[48;5;235m│[0m[48;5;235m  [38;5;174m✢ [39mPaulRand  [38;5;246mRead and summarize parser.txt des…[39m  [38;5;246mRead(parser.txt)[39m         [38;5;246m   1 tool    25.1k[39m     [38;5;246m4s[39m
[49m                                                [2m[48;5;235m│[0m[48;5;235m  [38;5;174m✻ [39mMucha     [38;5;246mRead and summarize queue.txt desi…[39m  [38;5;246mRead(queue.txt)[39m          [38;5;246m   1 tool    25.1k[39m     [38;5;246m4s[39m
[38;5;114m[49m●[39m [1m4[0m background agents launched [38;5;246m(↓ to manage)[39m    [2m[48;5;235m│[0m[48;5;235m
[49m   [38;5;246m├[39m [1mRead and summarize retry.txt design[0m        [2m[48;5;235m│[0m[48;5;235m
[49m   [38;5;246m├[39m [1mRead and summarize cache.txt design[0m        [2m[48;5;235m│[0m[48;5;235m
[49m   [38;5;246m├[39m [1mRead and summarize parser.txt design[0m       [2m[48;5;235m│[0m[48;5;235m
[49m   [38;5;246m└[39m [1mRead and summarize queue.txt design[0m        [2m[48;5;235m│[0m[38;5;246m[48;5;235m╷ [39m
[49m                                                [2m[48;5;235m│[0m[38;5;246m[48;5;235m│ [39m
[38;5;231m[49m●[39m Four agents reading in parallel — retry.txt,  [2m[48;5;235m│[0m[38;5;246m[48;5;235m▸ [39m
[49m  cache.txt, parser.txt, and queue.txt. They'll [2m[48;5;235m│[0m[38;5;246m[48;5;235m│ [39m
[49m  report their two-sentence summaries when      [2m[48;5;235m│[0m[38;5;246m[48;5;235m╵ [39m
[49m  complete.                                     [2m[48;5;235m│[0m[48;5;235m
[49m                                                [2m[48;5;235m│[0m[48;5;235m
[38;5;246m[49m✻[39m [38;5;246mWaiting for [1m4[0m[38;5;246m background agents to finish[39m     [2m[48;5;235m│[0m[48;5;235m
[49m                                                [2m[48;5;235m│[0m[48;5;235m
[38;5;114m[49m●[39m Agent "Read and summarize retry.txt design"   [2m[48;5;235m│[0m[48;5;235m
[49mfinished[38;5;246m · 5s[39m                                   [2m[48;5;235m│[0m[48;5;235m  [38;5;246m── timeline ──────────────────────────────────────────────────────────────────────────────────────[39m
[49m                                                [2m[48;5;235m│[0m[48;5;235m  [38;5;174m✻ [39mBasquiat [38;5;246m [38;5;174m━━━━━━━━━━━━━━━━━━━━━━━━━━━━━━━━━━━━━━━━━━━━━━━━━━━━━━━━━━━━━━━━━━━━━━━━━━━━━━[38;5;246m      5s[39m
[38;5;174m[49m✽[39m [38;5;174mHash[38;5;216ming[38;5;174m… [38;5;246m(0s · [38;5;248mthinking[38;5;246m)[39m                      [2m[48;5;235m│[0m[48;5;235m  [38;5;174m✻ [39mEames    [38;5;246m ·········[38;5;174m━━━━━━━━━━━━━━━━━━━━━━━━━━━━━━━━━━━━━━━━━━━━━━━━━━━━━━━━━━━━━━━━━━━━━[38;5;246m      5s[39m
[38;5;246m[49m  ⎿  Tip: Use /statusline to set up a custom [39m   [2m[48;5;235m│[0m[48;5;235m  [38;5;174m✻ [39mPaulRand [38;5;246m ·················[38;5;174m━━━━━━━━━━━━━━━━━━━━━━━━━━━━━━━━━━━━━━━━━━━━━━━━━━━━━━━━━━━━━[38;5;246m      4s[39m
[49m     [38;5;246mstatus line that will display beneath the [39m [2m[48;5;235m│[0m[48;5;235m  [38;5;174m✻ [39mMucha    [38;5;246m ··························[38;5;174m━━━━━━━━━━━━━━━━━━━━━━━━━━━━━━━━━━━━━━━━━━━━━━━━━━━━[38;5;246m      3s[39m
[49m     [38;5;246minput box[39m                                  [2m[48;5;235m│[0m[48;5;235m  [38;5;246mclick an agent to open it[39m
[49m                                                [2m[48;5;235m│[0m[48;5;235m
[38;5;244m[49m──────────────────────────────────────────────────────────────────────────────────────────────────────────────────────────── named subagents package ─
[38;5;246m❯ [39m
[38;5;244m──────────────────────────────────────────────────────────────────────────────────────────────────────────────────────────────────────────────────────
[39m  [38;5;246m⏸ manual mode on · /tasks to see subagents · esc to interrupt · ← for agents · ↓ to manage[39m

[1m  ● main[0m
[38;5;246m  ◯ [39mPaulRand  [38;5;246mRead and summarize parser.txt design[39m                                                                               [38;5;246m4s · ↓ 25.3k tokens[39m
[38;5;246m  ◯ [39mMucha     [38;5;246mRead and summarize queue.txt design[39m                                                                                [38;5;246m4s · ↓ 25.3k tokens[39m
