     [2m╭─────────────────────────────────────────╮[48;5;235m│[0m[48;5;235m                                                                                                   [38;5;246m✕[39m
[38;5;114m[49m●[39m Age[2m│[0m [38;5;246mnamed-subagents-mod[39m                     [2m│[48;5;235m│[0m[48;5;235m  [38;5;174m✻ [1m[39mAgents[0m[38;5;246m[48;5;235m · Haiku 4.5[39m                                                                     [38;5;246m4 done[39m
[49mfinis[2m│[0m ✓ Mucha done · 6s · Read and summarize  [2m│[48;5;235m│[0m[48;5;235m
[49m     [2m│[0m queue.txt design                        [2m│[48;5;235m│[0m[48;5;235m  [38;5;114m✓ [39mBasquiat  [38;5;246mRead and summarize retry.txt desi…[39m  [38;5;246mdone[39m                     [38;5;246m   1 tool    52.4k[39m     [38;5;246m6s[39m
[38;5;114m[49m●[39m Age[2m╰─────────────────────────────────────────╯[48;5;235m│[0m[48;5;235m  [38;5;114m✓ [39mEames     [38;5;246mRead and summarize cache.txt desi…[39m  [38;5;246mdone[39m                     [38;5;246m   1 tool    52.4k[39m     [38;5;246m5s[39m
[49mfinished[38;5;246m · 5s[39m                                   [2m[48;5;235m│[0m[48;5;235m  [38;5;114m✓ [39mPaulRand  [38;5;246mRead and summarize parser.txt des…[39m  [38;5;246mdone[39m                     [38;5;246m   1 tool    52.5k[39m     [38;5;246m6s[39m
[49m                                                [2m[48;5;235m│[0m[48;5;235m  [38;5;114m✓ [39mMucha     [38;5;246mRead and summarize queue.txt desi…[39m  [38;5;246mdone[39m                     [38;5;246m   1 tool    52.6k[39m     [38;5;246m6s[39m
[38;5;231m[49m●[39m [1mcache.txt:[0m Write-through LRU cache with       [2m[48;5;235m│[0m[48;5;235m
[49m  5-minute TTL, keyed by tenant and query hash, [2m[48;5;235m│[0m[48;5;235m
[49m  invalidated immediately on writes to ensure   [2m[48;5;235m│[0m[48;5;235m
[49m  consistency while reducing query load.        [2m[48;5;235m│[0m[48;5;235m
[49m                                                [2m[48;5;235m│[0m[48;5;235m
[49m  [1mparser.txt:[0m Hand-written recursive descent    [2m[48;5;235m│[0m[48;5;235m
[49m  parser with single-token lookahead that       [2m[48;5;235m│[0m[38;5;246m[48;5;235m╷ [39m
[49m  recovers from errors at statement boundaries  [2m[48;5;235m│[0m[38;5;246m[48;5;235m│ [39m
[49m  for resilient parsing.                        [2m[48;5;235m│[0m[38;5;246m[48;5;235m▸ [39m
[49m                                                [2m[48;5;235m│[0m[38;5;246m[48;5;235m│ [39m
[49m  Waiting for queue.txt...                      [2m[48;5;235m│[0m[38;5;246m[48;5;235m╵ [39m
[49m                                                [2m[48;5;235m│[0m[48;5;235m
[38;5;246m[49m✻[39m [38;5;246mWaiting for [1m1[0m[38;5;246m background agent to finish[39m      [2m[48;5;235m│[0m[48;5;235m
[49m                                                [2m[48;5;235m│[0m[48;5;235m
[38;5;114m[49m●[39m Agent "Read and summarize queue.txt design"   [2m[48;5;235m│[0m[48;5;235m
[49mfinished[38;5;246m · 6s[39m                                   [2m[48;5;235m│[0m[48;5;235m
[49m                                                [2m[48;5;235m│[0m[48;5;235m
[38;5;246m[48;5;237m❯ /names set pirates Kidd Bonny Teach Rackham[39m   [2m[48;5;235m│[0m[48;5;235m  [38;5;246m── timeline ──────────────────────────────────────────────────────────────────────────────────────[39m
[49m  [38;5;246mctrl+x ctrl+s to send now[39m                     [2m[48;5;235m│[0m[48;5;235m  [38;5;114m✓ [39mBasquiat [38;5;246m [38;5;114m━━━━━━━━━━━━━━━━━━━━━━━━━━━━━━━━━━━━━━━━━━━━━━━━━━━━━━━━━━━━[38;5;246m··················      6s[39m
[49m                                                [2m[48;5;235m│[0m[48;5;235m  [38;5;114m✓ [39mEames    [38;5;246m ······[38;5;114m━━━━━━━━━━━━━━━━━━━━━━━━━━━━━━━━━━━━━━━━━━━━━━━━━━━━━━[38;5;246m··················      5s[39m
[38;5;174m[49m✻[39m [38;5;174mPuttering… [38;5;246m(1s · ↓[39m [38;5;246m12 tokens · thinking)[39m      [2m[48;5;235m│[0m[48;5;235m  [38;5;114m✓ [39mPaulRand [38;5;246m ············[38;5;114m━━━━━━━━━━━━━━━━━━━━━━━━━━━━━━━━━━━━━━━━━━━━━━━━━━━━━━━━━[38;5;246m·········      6s[39m
[38;5;246m[49m  ⎿  Tip: Use /statusline to set up a custom [39m   [2m[48;5;235m│[0m[48;5;235m  [38;5;114m✓ [39mMucha    [38;5;246m ··················[38;5;114m━━━━━━━━━━━━━━━━━━━━━━━━━━━━━━━━━━━━━━━━━━━━━━━━━━━━━━━━━━━━[38;5;246m      6s[39m
[49m     [38;5;246mstatus line that will display beneath the [39m [2m[48;5;235m│[0m[48;5;235m  [38;5;114m✓ [38;5;246m4 done in 8s · 24s of agent time (2.9× in parallel) · 4 tool uses · 210k tokens[39m
[49m     [38;5;246minput box[39m                                  [2m[48;5;235m│[0m[48;5;235m  [38;5;246mclick an agent to open it · click "done" to hide finished ones[39m
[49m                                                [2m[48;5;235m│[0m[48;5;235m
[38;5;244m[49m──────────────────────────────────────────────────────────────────────────────────────────────────────────────────────────── named subagents package ─
[38;5;246m❯ [2m[39mPress up to edit queued messages[0m
[38;5;244m──────────────────────────────────────────────────────────────────────────────────────────────────────────────────────────────────────────────────────
[39m  [38;5;246m⏸ manual mode on · /tasks to see subagents · esc to interrupt · ← for agents[39m
