  │            │ Write-through LRU (5-min    │  [2m[48;5;235m│[0m[48;5;235m                                                                                                   [38;5;246m✕[39m
[49m  │ [1mcache.txt[0m  │ TTL), keyed by tenant +     │  [2m[48;5;235m│[0m[48;5;235m  [38;5;174m✻ [1m[39mAgents[0m[38;5;246m[48;5;235m · Haiku 4.5[39m                                                                     [38;5;246m4 done[39m
[49m  │            │ query hash, immediate       │  [2m[48;5;235m│[0m[48;5;235m
[49m  │            │ invalidation on writes      │  [2m[48;5;235m│[0m[48;5;235m  [38;5;114m✓ [39mBasquiat  [38;5;246mRead and summarize retry.txt desi…[39m  [38;5;246mdone[39m                     [38;5;246m   1 tool    52.4k[39m     [38;5;246m6s[39m
[49m  ├────────────┼─────────────────────────────┤  [2m[48;5;235m│[0m[48;5;235m  [38;5;114m✓ [39mEames     [38;5;246mRead and summarize cache.txt desi…[39m  [38;5;246mdone[39m                     [38;5;246m   1 tool    52.4k[39m     [38;5;246m5s[39m
[49m  │            │ Recursive descent with      │  [2m[48;5;235m│[0m[48;5;235m  [38;5;114m✓ [39mPaulRand  [38;5;246mRead and summarize parser.txt des…[39m  [38;5;246mdone[39m                     [38;5;246m   1 tool    52.5k[39m     [38;5;246m6s[39m
[49m  │ [1mparser.txt[0m │ 1-token lookahead, error    │  [2m[48;5;235m│[0m[48;5;235m  [38;5;114m✓ [39mMucha     [38;5;246mRead and summarize queue.txt desi…[39m  [38;5;246mdone[39m                     [38;5;246m   1 tool    52.6k[39m     [38;5;246m6s[39m
[49m  │            │ recovery at statement       │  [2m[48;5;235m│[0m[48;5;235m
[49m  │            │ boundaries                  │  [2m[48;5;235m│[0m[48;5;235m
[49m  ├────────────┼─────────────────────────────┤  [2m[48;5;235m│[0m[48;5;235m
[49m  │            │ At-least-once delivery, 30s │  [2m[48;5;235m│[0m[48;5;235m
[49m  │ [1mqueue.txt[0m  │  visibility timeout, 5      │  [2m[48;5;235m│[0m[48;5;235m
[49m  │            │ retries before dead-letter  │  [2m[48;5;235m│[0m[48;5;235m
[49m  │            │ queue                       │  [2m[48;5;235m│[0m[38;5;246m[48;5;235m╷ [39m
[49m  └────────────┴─────────────────────────────┘  [2m[48;5;235m│[0m[38;5;246m[48;5;235m│ [39m
[49m                                                [2m[48;5;235m│[0m[38;5;246m[48;5;235m▸ [39m
[38;5;246m[49m✻[39m [38;5;246mBaked for 17s · done 12:23 AM[39m                 [2m[48;5;235m│[0m[38;5;246m[48;5;235m│ [39m
[49m                                                [2m[48;5;235m│[0m[38;5;246m[48;5;235m╵ [39m
[38;5;246m[48;5;237m❯[39m [38;5;231m/names set pirates Kidd Bonny Teach Rackham[39m [49m  [2m[48;5;235m│[0m[48;5;235m
[38;5;246m[49m  ⎿  [39mnamed-subagents-mod: Set pirates: Kidd,    [2m[48;5;235m│[0m[48;5;235m
[49m     Bonny, Teach, Rackham.                     [2m[48;5;235m│[0m[48;5;235m
[49m     Use it for every agent with /names use     [2m[48;5;235m│[0m[48;5;235m
[49m     pirates.                                   [2m[48;5;235m│[0m[48;5;235m
[49m     399 names in 15 pools now. Saved to        [2m[48;5;235m│[0m[48;5;235m
[49m     ~/.claude/named-subagents.json.            [2m[48;5;235m│[0m[48;5;235m  [38;5;246m── timeline ──────────────────────────────────────────────────────────────────────────────────────[39m
[49m                                                [2m[48;5;235m│[0m[48;5;235m  [38;5;114m✓ [39mBasquiat [38;5;246m [38;5;114m━━━━━━━━━━━━━━━━━━━━━━━━━━━━━━━━━━━━━━━━━━━━━━━━━━━━━━━━━━━━[38;5;246m··················      6s[39m
[38;5;246m[48;5;237m❯[39m [38;5;231m/names use pirates[39m [49m                           [2m[48;5;235m│[0m[48;5;235m  [38;5;114m✓ [39mEames    [38;5;246m ······[38;5;114m━━━━━━━━━━━━━━━━━━━━━━━━━━━━━━━━━━━━━━━━━━━━━━━━━━━━━━[38;5;246m··················      5s[39m
[38;5;246m[49m  ⎿  [39mnamed-subagents-mod: Every agent now draws [2m[48;5;235m│[0m[48;5;235m  [38;5;114m✓ [39mPaulRand [38;5;246m ············[38;5;114m━━━━━━━━━━━━━━━━━━━━━━━━━━━━━━━━━━━━━━━━━━━━━━━━━━━━━━━━━[38;5;246m·········      6s[39m
[49m     from pirates.                              [2m[48;5;235m│[0m[48;5;235m  [38;5;114m✓ [39mMucha    [38;5;246m ··················[38;5;114m━━━━━━━━━━━━━━━━━━━━━━━━━━━━━━━━━━━━━━━━━━━━━━━━━━━━━━━━━━━━[38;5;246m      6s[39m
[49m     399 names in 15 pools now. Saved to        [2m[48;5;235m│[0m[48;5;235m  [38;5;114m✓ [38;5;246m4 done in 8s · 24s of agent time (2.9× in parallel) · 4 tool uses · 210k tokens[39m
[49m     ~/.claude/named-subagents.json.            [2m[48;5;235m│[0m[48;5;235m  [38;5;246mclick an agent to open it · click "done" to hide finished ones[39m
[49m                                                [2m[48;5;235m│[0m[48;5;235m
[38;5;244m[49m──────────────────────────────────────────────────────────────────────────────────────────────────────────────────────────── named subagents package ─
[39m❯ Fan out 3 more the same way: index.txt, limiter.txt, auth.txt.
[38;5;244m──────────────────────────────────────────────────────────────────────────────────────────────────────────────────────────────────────────────────────
[39m  [38;5;246m⏸ manual mode on · /tasks to see subagents[39m
