                                                [2m[48;5;235m│[0m[48;5;235m                                                                                                   [38;5;246m✕[39m
[38;5;246m[49m  ⎿  [39mnamed-subagents-mod: Set pirates: Kidd,    [2m[48;5;235m│[0m[48;5;235m  [38;5;174m✻ [1m[39mAgents[0m[38;5;246m[48;5;235m · Haiku 4.5[39m                                                         [38;5;246m3 running · 4 done[39m
[49m     Bonny, Teach, Rackham.                     [2m[48;5;235m│[0m[48;5;235m
[49m     Use it for every agent with /names use     [2m[48;5;235m│[0m[48;5;235m  [38;5;174m✢ [39mBonny     [38;5;246mRead and summarize index.txt desi…[39m  [38;5;246mRead(index.txt)[39m          [38;5;246m   1 tool    25.1k[39m     [38;5;246m4s[39m
[49m     pirates.                                   [2m[48;5;235m│[0m[48;5;235m  [38;5;174m✢ [39mKidd      [38;5;246mRead and summarize limiter.txt de…[39m  [38;5;246mRead(limiter.txt)[39m        [38;5;246m   1 tool    25.1k[39m     [38;5;246m3s[39m
[49m     399 names in 15 pools now. Saved to        [2m[48;5;235m│[0m[48;5;235m  [38;5;174m· [39mTeach     [38;5;246mRead and summarize auth.txt design[39m  [38;5;246mRead(auth.txt)[39m           [38;5;246m   1 tool    25.1k[39m     [38;5;246m2s[39m
[49m     ~/.claude/named-subagents.json.            [2m[48;5;235m│[0m[48;5;235m  [38;5;114m✓ [39mBasquiat  [38;5;246mRead and summarize retry.txt desi…[39m  [38;5;246mdone[39m                     [38;5;246m   1 tool    52.4k[39m     [38;5;246m6s[39m
[49m                                                [2m[48;5;235m│[0m[48;5;235m  [38;5;114m✓ [39mEames     [38;5;246mRead and summarize cache.txt desi…[39m  [38;5;246mdone[39m                     [38;5;246m   1 tool    52.4k[39m     [38;5;246m5s[39m
[38;5;246m[48;5;237m❯[39m [38;5;231m/names use pirates[39m [49m                           [2m[48;5;235m│[0m[48;5;235m  [38;5;114m✓ [39mPaulRand  [38;5;246mRead and summarize parser.txt des…[39m  [38;5;246mdone[39m                     [38;5;246m   1 tool    52.5k[39m     [38;5;246m6s[39m
[38;5;246m[49m  ⎿  [39mnamed-subagents-mod: Every agent now draws [2m[48;5;235m│[0m[48;5;235m  [38;5;114m✓ [39mMucha     [38;5;246mRead and summarize queue.txt desi…[39m  [38;5;246mdone[39m                     [38;5;246m   1 tool    52.6k[39m     [38;5;246m6s[39m
[49m     from pirates.                              [2m[48;5;235m│[0m[48;5;235m
[49m     399 names in 15 pools now. Saved to        [2m[48;5;235m│[0m[38;5;246m[48;5;235m╷ [39m
[49m     ~/.claude/named-subagents.json.            [2m[48;5;235m│[0m[38;5;246m[48;5;235m│ [39m
[49m                                                [2m[48;5;235m│[0m[38;5;246m[48;5;235m▸ [39m
[38;5;246m[48;5;237m❯ [38;5;231mFan out 3 more the same way: index.txt, [39m      [2m[48;5;235m│[0m[38;5;246m[48;5;235m│ [39m
[48;5;237m  [38;5;231mlimiter.txt, auth.txt.[39m                        [2m[48;5;235m│[0m[38;5;246m[48;5;235m╵ [39m
[49m                                                [2m[48;5;235m│[0m[48;5;235m
[38;5;114m[49m●[39m [1m3[0m background agents launched [38;5;246m(↓ to manage)[39m    [2m[48;5;235m│[0m[48;5;235m  [38;5;246m── timeline ──────────────────────────────────────────────────────────────────────────────────────[39m
[49m   [38;5;246m├[39m [1mRead and summarize index.txt design[0m        [2m[48;5;235m│[0m[48;5;235m  [38;5;114m✓ [39mBasquiat [38;5;246m [38;5;114m━━━━━━━━━━━━━━━━━━━━━[38;5;246m·························································      6s[39m
[49m   [38;5;246m├[39m [1mRead and summarize limiter.txt design[0m      [2m[48;5;235m│[0m[48;5;235m  [38;5;114m✓ [39mEames    [38;5;246m ··[38;5;114m━━━━━━━━━━━━━━━━━━━[38;5;246m·························································      5s[39m
[49m   [38;5;246m└[39m [1mRead and summarize auth.txt design[0m         [2m[48;5;235m│[0m[48;5;235m  [38;5;114m✓ [39mPaulRand [38;5;246m ····[38;5;114m━━━━━━━━━━━━━━━━━━━━━[38;5;246m·····················································      6s[39m
[49m                                                [2m[48;5;235m│[0m[48;5;235m  [38;5;114m✓ [39mMucha    [38;5;246m ······[38;5;114m━━━━━━━━━━━━━━━━━━━━━━[38;5;246m··················································      6s[39m
[38;5;231m[49m●[39m Three agents reading in parallel — index.txt, [2m[48;5;235m│[0m[48;5;235m  [38;5;174m✻ [39mBonny    [38;5;246m ································································[38;5;174m━━━━━━━━━━━━━━[38;5;246m      4s[39m
[49m  limiter.txt, auth.txt. Results incoming...    [2m[48;5;235m│[0m[48;5;235m  [38;5;174m✻ [39mKidd     [38;5;246m ···································································[38;5;174m━━━━━━━━━━━[38;5;246m      3s[39m
[49m                                                [2m[48;5;235m│[0m[48;5;235m  [38;5;174m✻ [39mTeach    [38;5;246m ·····································································[38;5;174m━━━━━━━━━[38;5;246m      2s[39m
[38;5;246m[49m✻[39m [38;5;246mWaiting for [1m3[0m[38;5;246m background agents to finish[39m     [2m[48;5;235m│[0m[48;5;235m  [38;5;246mclick an agent to open it · click "done" to hide finished ones[39m
[49m                                                [2m[48;5;235m│[0m[48;5;235m
[38;5;244m[49m──────────────────────────────────────────────────────────────────────────────────────────────────────────────────────────── named subagents package ─
[39m❯ 
[38;5;244m──────────────────────────────────────────────────────────────────────────────────────────────────────────────────────────────────────────────────────
[39m  [38;5;246m⏸ manual mode on · /tasks to see subagents · ← for agents · ↓ to manage[39m

[1m  ● main[0m
[38;5;246m  ◯ [39mBonny  [38;5;246mRead and summarize index.txt design[39m                                                                                   [38;5;246m3s · ↓ 25.3k tokens[39m
[38;5;246m  ◯ [39mKidd   [38;5;246mRead and summarize limiter.txt design[39m                                                                                 [38;5;246m2s · ↓ 25.2k tokens[39m
[38;5;246m  ◯ [39mTeach  [38;5;246mRead and summarize auth.txt design[39m                                                                                    [38;5;246m2s · ↓ 25.1k tokens[39m
