      [2m╭────────────────────────────────────────╮[48;5;235m│[0m[48;5;235m                                                                                                   [38;5;246m✕[39m
[49m      [2m│[0m [38;5;246mnamed-subagents-mod[39m                    [2m│[48;5;235m│[0m[48;5;235m  [38;5;174m✻ [1m[39mAgents[0m[38;5;246m[48;5;235m · Haiku 4.5[39m                                                                     [38;5;246m7 done[39m
[38;5;231m[49m●[39m [1mlimi[0;2m│[0m ✓ Kidd done · 6s · Read and summarize  [2m│[48;5;235m│[0m[48;5;235m
[49m  key [2m│[0m limiter.txt design                     [2m│[48;5;235m│[0m[48;5;235m  [38;5;114m✓ [39mBasquiat  [38;5;246mRead and summarize retry.txt desi…[39m  [38;5;246mdone[39m                     [38;5;246m   1 tool    52.4k[39m     [38;5;246m6s[39m
[49m  buck[2m╰────────────────────────────────────────╯[48;5;235m│[0m[48;5;235m  [38;5;114m✓ [39mEames     [38;5;246mRead and summarize cache.txt desi…[39m  [38;5;246mdone[39m                     [38;5;246m   1 tool    52.4k[39m     [38;5;246m5s[39m
[49m  dis[2m╭─────────────────────────────────────────╮[48;5;235m│[0m[48;5;235m  [38;5;114m✓ [39mPaulRand  [38;5;246mRead and summarize parser.txt des…[39m  [38;5;246mdone[39m                     [38;5;246m   1 tool    52.5k[39m     [38;5;246m6s[39m
[49m     [2m│[0m [38;5;246mnamed-subagents-mod[39m                     [2m│[48;5;235m│[0m[48;5;235m  [38;5;114m✓ [39mMucha     [38;5;246mRead and summarize queue.txt desi…[39m  [38;5;246mdone[39m                     [38;5;246m   1 tool    52.6k[39m     [38;5;246m6s[39m
[49m  [1maut[0;2m│[0m ✓ Teach done · 6s · Read and summarize  [2m│[48;5;235m│[0m[48;5;235m  [38;5;114m✓ [39mBonny     [38;5;246mRead and summarize index.txt desi…[39m  [38;5;246mdone[39m                     [38;5;246m   1 tool    52.4k[39m     [38;5;246m5s[39m
[49m  wit[2m│[0m auth.txt design                         [2m│[48;5;235m│[0m[48;5;235m  [38;5;114m✓ [39mKidd      [38;5;246mRead and summarize limiter.txt de…[39m  [38;5;246mdone[39m                     [38;5;246m   1 tool    52.6k[39m     [38;5;246m6s[39m
[49m  fam[2m╰─────────────────────────────────────────╯[48;5;235m│[0m[48;5;235m  [38;5;114m✓ [39mTeach     [38;5;246mRead and summarize auth.txt design[39m  [38;5;246mdone[39m                     [38;5;246m   1 tool    52.5k[39m     [38;5;246m6s[39m
[49m  invalidation of all related tokens.           [2m[48;5;235m│[0m[48;5;235m
[49m                                                [2m[48;5;235m│[0m[48;5;235m
[49m  ---                                           [2m[48;5;235m│[0m[48;5;235m
[49m                                                [2m[48;5;235m│[0m[38;5;246m[48;5;235m╷ [39m
[49m  [1mAll seven complete:[0m                           [2m[48;5;235m│[0m[38;5;246m[48;5;235m│ [39m
[49m                                                [2m[48;5;235m│[0m[38;5;246m[48;5;235m▸ [39m
[49m  ┌────────────┬─────────────────────────────┐  [2m[48;5;235m│[0m[38;5;246m[48;5;235m│ [39m
[49m  │    File    │           Design            │  [2m[48;5;235m│[0m[38;5;246m[48;5;235m╵ [39m
[49m  ├────────────┼─────────────────────────────┤  [2m[48;5;235m│[0m[48;5;235m
[49m  │            │ Exponential backoff with    │  [2m[48;5;235m│[0m[48;5;235m
[49m  │ [1mretry.txt[0m  │ jitter (max 30s), up to 5   │  [2m[48;5;235m│[0m[48;5;235m
[49m  │            │ retries, idempotency keys   │  [2m[48;5;235m│[0m[48;5;235m  [38;5;246m── timeline ──────────────────────────────────────────────────────────────────────────────────────[39m
[49m  ├────────────┼─────────────────────────────┤  [2m[48;5;235m│[0m[48;5;235m  [38;5;114m✓ [39mBasquiat [38;5;246m [38;5;114m━━━━━━━━━━━━━━━━━━[38;5;246m····························································      6s[39m
[49m  │            │ Write-through LRU (5-min    │  [2m[48;5;235m│[0m[48;5;235m  [38;5;114m✓ [39mEames    [38;5;246m ··[38;5;114m━━━━━━━━━━━━━━━━[38;5;246m····························································      5s[39m
[49m  │ [1mcache.txt[0m  │ TTL), tenant + query hash   │  [2m[48;5;235m│[0m[48;5;235m  [38;5;114m✓ [39mPaulRand [38;5;246m ····[38;5;114m━━━━━━━━━━━━━━━━━[38;5;246m·························································      6s[39m
[49m  │            │ keyed, immediate            │  [2m[48;5;235m│[0m[48;5;235m  [38;5;114m✓ [39mMucha    [38;5;246m ······[38;5;114m━━━━━━━━━━━━━━━━━━[38;5;246m······················································      6s[39m
[49m  │            │ invalidation                │  [2m[48;5;235m│[0m[48;5;235m  [38;5;114m✓ [39mBonny    [38;5;246m ·······················································[38;5;114m━━━━━━━━━━━━━━━━━[38;5;246m······      5s[39m
[49m  ├────────────┼─────────────────────────────┤  [2m[48;5;235m│[0m[48;5;235m  [38;5;114m✓ [39mKidd     [38;5;246m ·························································[38;5;114m━━━━━━━━━━━━━━━━━━[38;5;246m···      6s[39m
[49m  │ [1mparser.txt[0m │ Recursive descent with      │  [2m[48;5;235m│[0m[48;5;235m  [38;5;114m✓ [39mTeach    [38;5;246m ···························································[38;5;114m━━━━━━━━━━━━━━━━━━━[38;5;246m      6s[39m
[49m  │            │ 1-token lookahead, error    │  [2m[48;5;235m│[0m[48;5;235m  [38;5;114m✓ [38;5;246m7 done in 27s · 43s of agent time (1.6× in parallel) · 7 tool uses · 367k tokens[39m
[49m  └────────────┴─────────────────────────────┘  [2m[48;5;235m│[0m[48;5;235m  [38;5;246mclick an agent to open it · click "done" to hide finished ones[39m
[49m                                                [2m[48;5;235m│[0m[48;5;235m
[38;5;244m[49m──────────────────────────────────────────────────────────────────────────────────────────────────────────────────────────── named subagents package ─
[38;5;246m❯ [39m
[38;5;244m──────────────────────────────────────────────────────────────────────────────────────────────────────────────────────────────────────────────────────
[39m  [38;5;246m⏸ manual mode on · /tasks to see subagents · esc to interrupt · ← for agents[39m
