     399 names in 15 pools now. Saved to ~/.claude/named-subagents.json.

[38;5;246m[48;5;237m❯[39m [38;5;231m/names use pirates[39m [49m
[38;5;246m  ⎿  [39mnamed-subagents-mod: Every agent now draws from pirates.
     399 names in 15 pools now. Saved to ~/.claude/named-subagents.json.

[38;5;246m[48;5;237m❯ [38;5;231mFan out 3 parallel agents, no tools, ~120 words each: explain how a B-tree stays balanced; plan the tests for[39m
  [38;5;231ma rate limiter; find where a cache could serve stale data.[39m
[49m
[38;5;114m●[39m [1m3[0m background agents launched [38;5;246m(↓ to manage)[39m
   [38;5;246m├[39m [1mB-tree balancing mechanics[0m
   [38;5;246m├[39m [1mRate limiter test planning[0m
   [38;5;246m└[39m [1mStale cache data risks[0m

[38;5;231m●[39m Three agents running: B-tree balancing, rate limiter tests, and cache staleness scenarios. Waiting for
  results.

[38;5;246m✻[39m [38;5;246mWaiting for [1m3[0m[38;5;246m background agents to finish[39m

[38;5;114m●[39m Agent "B-tree balancing mechanics" finished[38;5;246m · 4s[39m

[38;5;231m●[39m B-tree agent done. Waiting for rate limiter and cache agents.

[38;5;246m✻[39m [38;5;246mWaiting for [1m2[0m[38;5;246m background agents to finish[39m

[38;5;244m────────────────────────────────────────────────────────────────────────────────────── named subagents package ─
[39m❯ 
[38;5;244m────────────────────────────────────────────────────────────────────────────────────────────────────────────────
[39m  [38;5;246m⏸ manual mode on · /tasks to see subagents · ← for agents · ↓ to manage[39m                                  [38;5;114m/rc[39m

[1m  ● main[0m
[38;5;246m [39m [38;5;246m◯[39m Kidd     [38;5;246mRate[39m [38;5;246mlimiter[39m [38;5;246mtest[39m [38;5;246mplanning[39m                                                    [38;5;246m5s ·[39m [38;5;246m↑[39m [38;5;246m25.4k[39m [38;5;246mtokens[39m
[38;5;246m [39m [38;5;246m◯[39m Rackham  [38;5;246mStale[39m [38;5;246mcache[39m [38;5;246mdata[39m [38;5;246mrisks[39m                                                        [38;5;246m4s[39m [38;5;246m·[39m [38;5;246m↑[39m [38;5;246m25.3k[39m [38;5;246mtokens[39m

